// Jest Snapshot v1, https://goo.gl/fbAQLP

exports[`Serialize matches snapshot 1`] = `"{\\"b\\":\\"some text\\",\\"c\\":[\\"nested array\\"],\\"d\\":{\\"e\\":\\"nested object\\"}}"`;

exports[`Serialize matches snapshot 2`] = `undefined`;

exports[`Serialize matches snapshot 3`] = `"\\"str\\""`;

exports[`Serialize matches snapshot 4`] = `"100"`;

exports[`Serialize matches snapshot 5`] = `"[\\"txt\\",10]"`;

exports[`Serialize matches snapshot 6`] = `"{\\"name\\":\\"smth\\"}"`;

exports[`SnapState matches snapshot 1`] = `"{\\"b\\":\\"some text\\",\\"c\\":[\\"nested array\\"],\\"d\\":{\\"e\\":\\"nested object\\"}}"`;
